// Jest Snapshot v1, https://goo.gl/fbAQLP

exports[`<Table /> Renders without crashing 1`] = `ShallowWrapper {}`;
